(abcdefghi, aikllpstv, bcde, abcd, x should be a string, y should be a string)
