(defgh, Index out of range, Index out of range, n should be an integer, m should be an integer, n should be non-negative, m should be non-negative)
